main.c:370:5:main	24	static
main.c:569:6:SystemClock_Config	88	static
main.c:615:13:MX_ADC1_Init	24	static
main.c:676:13:MX_SPI1_Init	8	static
main.c:714:13:MX_TIM2_Init	32	static
main.c:759:13:MX_USART1_UART_Init	8	static
main.c:792:13:MX_USART3_UART_Init	8	static
main.c:823:13:MX_DMA_Init	16	static
main.c:841:13:MX_GPIO_Init	40	static
main.c:915:6:u8g_port_delay_ns	24	static,ignoring_inline_asm
main.c:924:6:u8g_port_delay_100ns	32	static,ignoring_inline_asm
main.c:932:6:u8g_port_delay_10us	24	static,ignoring_inline_asm
main.c:942:9:u8g2_gpio_and_delay_stm32	24	static
main.c:983:9:u8x8_byte_4wire_hw_spi	24	static
main.c:1014:6:fnPrintMenuItemName	56	static
main.c:1044:6:fnPrintSelectionFrame	32	static
main.c:1070:6:printMenuSetpoints	16	static
main.c:1093:6:fnPrintMenuSetpointsItemVal	40	static
main.c:1267:6:fnPrintMenuParamItemVal	48	static
main.c:1359:6:fnPrintMenuParamView	16	static
main.c:1380:6:fnPrintMainView	40	static
main.c:1484:6:fnMenuProcess	24	static
main.c:1701:17:fnGetPressKey	8	static
main.c:1743:10:Button_Get_Tick	8	static
main.c:1750:9:Button_A_Read	8	static
main.c:1755:9:Button_B_Read	8	static
main.c:1760:9:Button_C_Read	8	static
main.c:1765:9:Button_D_Read	8	static
main.c:1772:6:HAL_ADC_ConvCpltCallback	16	static
main.c:1783:10:fnEmaFilterBatVolt	16	static
main.c:1793:10:fnEmaFilterSensVolt	16	static
main.c:1803:10:fnEmaFilterResSens	16	static
main.c:1814:6:fnPumpControl	24	static
main.c:1881:9:map	24	static
main.c:1896:6:fnWaterLevelControl	24	static
main.c:1903:6:fnConverterControl	24	static
main.c:1977:6:fnFridgeControl	24	static
main.c:2051:6:fnMainPowerControl	16	static
main.c:2070:6:fnInputsUpdate	8	static
main.c:2094:9:fnDebounce	24	static
main.c:2113:6:fnOutputsUpdate	16	static
main.c:2125:6:fnDisplayLightControl	16	static
main.c:2147:10:fnCrc16Calc	24	static
main.c:2179:6:fnReadSavedSetpoints	24	static
main.c:2277:6:fnOneWireScanner	104	static
main.c:2430:6:Error_Handler	4	static,ignoring_inline_asm
