main.c:359:5:main	24	static
main.c:518:6:SystemClock_Config	88	static
main.c:564:13:MX_ADC1_Init	24	static
main.c:625:13:MX_SPI1_Init	8	static
main.c:663:13:MX_TIM2_Init	32	static
main.c:708:13:MX_USART1_UART_Init	8	static
main.c:741:13:MX_USART3_UART_Init	8	static
main.c:772:13:MX_DMA_Init	16	static
main.c:790:13:MX_GPIO_Init	40	static
main.c:864:6:u8g_port_delay_ns	24	static,ignoring_inline_asm
main.c:873:6:u8g_port_delay_100ns	32	static,ignoring_inline_asm
main.c:881:6:u8g_port_delay_10us	24	static,ignoring_inline_asm
main.c:891:9:u8g2_gpio_and_delay_stm32	24	static
main.c:932:9:u8x8_byte_4wire_hw_spi	24	static
main.c:963:6:fnPrintMenuItemName	56	static
main.c:993:6:fnPrintSelectionFrame	32	static
main.c:1019:6:printMenuSetpoints	16	static
main.c:1042:6:fnPrintMenuSetpointsItemVal	40	static
main.c:1216:6:fnPrintMenuParamItemVal	48	static
main.c:1308:6:fnPrintMenuParamView	16	static
main.c:1329:6:fnPrintMainView	40	static
main.c:1433:6:fnMenuProcess	24	static
main.c:1593:17:fnGetPressKey	8	static
main.c:1634:10:Button_Get_Tick	8	static
main.c:1641:9:Button_A_Read	8	static
main.c:1646:9:Button_B_Read	8	static
main.c:1651:9:Button_C_Read	8	static
main.c:1656:9:Button_D_Read	8	static
main.c:1663:6:HAL_ADC_ConvCpltCallback	16	static
main.c:1674:10:fnEmaFilterBatVolt	16	static
main.c:1684:10:fnEmaFilterSensVolt	16	static
main.c:1694:10:fnEmaFilterResSens	16	static
main.c:1705:6:fnPumpControl	24	static
main.c:1772:9:map	24	static
main.c:1787:6:fnWaterLevelControl	24	static
main.c:1794:6:fnConverterControl	24	static
main.c:1868:6:fnFridgeControl	24	static
main.c:1942:6:fnMainPowerControl	16	static
main.c:1961:6:fnInputsUpdate	8	static
main.c:1985:9:fnDebounce	24	static
main.c:2004:6:fnOutputsUpdate	16	static
main.c:2016:6:fnDisplayLightControl	16	static
main.c:2042:6:Error_Handler	4	static,ignoring_inline_asm
