main.c:365:5:main	24	static
main.c:551:6:SystemClock_Config	88	static
main.c:597:13:MX_ADC1_Init	24	static
main.c:658:13:MX_SPI1_Init	8	static
main.c:696:13:MX_TIM2_Init	32	static
main.c:741:13:MX_USART1_UART_Init	8	static
main.c:774:13:MX_USART3_UART_Init	8	static
main.c:805:13:MX_DMA_Init	16	static
main.c:823:13:MX_GPIO_Init	40	static
main.c:897:6:u8g_port_delay_ns	24	static,ignoring_inline_asm
main.c:906:6:u8g_port_delay_100ns	32	static,ignoring_inline_asm
main.c:914:6:u8g_port_delay_10us	24	static,ignoring_inline_asm
main.c:924:9:u8g2_gpio_and_delay_stm32	24	static
main.c:965:9:u8x8_byte_4wire_hw_spi	24	static
main.c:996:6:fnPrintMenuItemName	56	static
main.c:1026:6:fnPrintSelectionFrame	32	static
main.c:1052:6:printMenuSetpoints	16	static
main.c:1075:6:fnPrintMenuSetpointsItemVal	40	static
main.c:1249:6:fnPrintMenuParamItemVal	48	static
main.c:1341:6:fnPrintMenuParamView	16	static
main.c:1362:6:fnPrintMainView	40	static
main.c:1466:6:fnMenuProcess	24	static
main.c:1678:17:fnGetPressKey	8	static
main.c:1720:10:Button_Get_Tick	8	static
main.c:1727:9:Button_A_Read	8	static
main.c:1732:9:Button_B_Read	8	static
main.c:1737:9:Button_C_Read	8	static
main.c:1742:9:Button_D_Read	8	static
main.c:1749:6:HAL_ADC_ConvCpltCallback	16	static
main.c:1760:10:fnEmaFilterBatVolt	16	static
main.c:1770:10:fnEmaFilterSensVolt	16	static
main.c:1780:10:fnEmaFilterResSens	16	static
main.c:1791:6:fnPumpControl	24	static
main.c:1858:9:map	24	static
main.c:1873:6:fnWaterLevelControl	24	static
main.c:1880:6:fnConverterControl	24	static
main.c:1954:6:fnFridgeControl	24	static
main.c:2028:6:fnMainPowerControl	16	static
main.c:2047:6:fnInputsUpdate	8	static
main.c:2071:9:fnDebounce	24	static
main.c:2090:6:fnOutputsUpdate	16	static
main.c:2102:6:fnDisplayLightControl	16	static
main.c:2124:10:fnCrc16Calc	24	static
main.c:2156:6:fnCheckSavedSetpoints	24	static
main.c:2258:6:Error_Handler	4	static,ignoring_inline_asm
