main.c:283:5:main	8	static
main.c:383:6:SystemClock_Config	72	static
main.c:422:13:MX_CAN_Init	8	static
main.c:459:13:MX_SPI1_Init	8	static
main.c:497:13:MX_USART1_UART_Init	8	static
main.c:530:13:MX_GPIO_Init	40	static
main.c:584:6:u8g_port_delay_ns	24	static,ignoring_inline_asm
main.c:593:6:u8g_port_delay_100ns	32	static,ignoring_inline_asm
main.c:601:6:u8g_port_delay_10us	24	static,ignoring_inline_asm
main.c:611:9:u8g2_gpio_and_delay_stm32	24	static
main.c:652:9:u8x8_byte_4wire_hw_spi	24	static
main.c:683:6:fnPrintMenuItemName	56	static
main.c:713:6:fnPrintSelectionFrame	32	static
main.c:739:6:printMenuSetpoints	16	static
main.c:762:6:fnPrintMenuSetpointsItemVal	40	static
main.c:936:6:fnPrintMenuParamItemVal	48	static
main.c:1028:6:fnPrintMenuParamView	16	static
main.c:1049:6:fnPrintMainView	40	static
main.c:1151:6:fnMenuProcess	16	static
main.c:1301:17:fnGetPressKey	8	static
main.c:1342:10:Button_Get_Tick	8	static
main.c:1349:9:Button_A_Read	8	static
main.c:1356:9:Button_B_Read	8	static
main.c:1363:9:Button_C_Read	8	static
main.c:1370:9:Button_D_Read	8	static
main.c:1381:6:Error_Handler	4	static,ignoring_inline_asm
