main.c:370:5:main	24	static
main.c:570:6:SystemClock_Config	88	static
main.c:616:13:MX_ADC1_Init	24	static
main.c:685:13:MX_SPI1_Init	8	static
main.c:723:13:MX_TIM2_Init	32	static
main.c:768:13:MX_USART1_UART_Init	8	static
main.c:801:13:MX_USART3_UART_Init	8	static
main.c:832:13:MX_DMA_Init	16	static
main.c:850:13:MX_GPIO_Init	40	static
main.c:926:6:u8g_port_delay_ns	24	static,ignoring_inline_asm
main.c:935:6:u8g_port_delay_100ns	32	static,ignoring_inline_asm
main.c:943:6:u8g_port_delay_10us	24	static,ignoring_inline_asm
main.c:953:9:u8g2_gpio_and_delay_stm32	24	static
main.c:994:9:u8x8_byte_4wire_hw_spi	24	static
main.c:1025:6:fnPrintMenuItemName	56	static
main.c:1055:6:fnPrintSelectionFrame	32	static
main.c:1081:6:printMenuSetpoints	16	static
main.c:1104:6:fnPrintMenuSetpointsItemVal	40	static
main.c:1278:6:fnPrintMenuParamItemVal	48	static
main.c:1370:6:fnPrintMenuParamView	16	static
main.c:1391:6:fnPrintMainView	40	static
main.c:1495:6:fnMenuProcess	24	static
main.c:1712:17:fnGetPressKey	8	static
main.c:1754:10:Button_Get_Tick	8	static
main.c:1761:9:Button_A_Read	8	static
main.c:1766:9:Button_B_Read	8	static
main.c:1771:9:Button_C_Read	8	static
main.c:1776:9:Button_D_Read	8	static
main.c:1783:6:HAL_ADC_ConvCpltCallback	16	static
main.c:1794:10:fnEmaFilterBatVolt	16	static
main.c:1804:10:fnEmaFilterSensVolt	16	static
main.c:1814:10:fnEmaFilterResSens	16	static
main.c:1825:6:fnPumpControl	24	static
main.c:1892:9:map	24	static
main.c:1907:6:fnWaterLevelControl	24	static
main.c:1914:6:fnConverterControl	24	static
main.c:1988:6:fnFridgeControl	24	static
main.c:2062:6:fnMainPowerControl	16	static
main.c:2081:6:fnInputsUpdate	8	static
main.c:2105:9:fnDebounce	24	static
main.c:2124:6:fnOutputsUpdate	16	static
main.c:2136:6:fnDisplayLightControl	16	static
main.c:2158:10:fnCrc16Calc	24	static
main.c:2190:6:fnReadSavedSetpoints	24	static
main.c:2288:6:fnOneWireScanner	104	static
main.c:2441:6:Error_Handler	4	static,ignoring_inline_asm
