main.c:292:5:main	8	static
main.c:412:6:SystemClock_Config	72	static
main.c:451:13:MX_SPI1_Init	8	static
main.c:489:13:MX_USART1_UART_Init	8	static
main.c:522:13:MX_USART3_UART_Init	8	static
main.c:555:13:MX_GPIO_Init	40	static
main.c:612:6:u8g_port_delay_ns	24	static,ignoring_inline_asm
main.c:621:6:u8g_port_delay_100ns	32	static,ignoring_inline_asm
main.c:629:6:u8g_port_delay_10us	24	static,ignoring_inline_asm
main.c:639:9:u8g2_gpio_and_delay_stm32	24	static
main.c:680:9:u8x8_byte_4wire_hw_spi	24	static
main.c:711:6:fnPrintMenuItemName	56	static
main.c:741:6:fnPrintSelectionFrame	32	static
main.c:767:6:printMenuSetpoints	16	static
main.c:790:6:fnPrintMenuSetpointsItemVal	40	static
main.c:964:6:fnPrintMenuParamItemVal	48	static
main.c:1056:6:fnPrintMenuParamView	16	static
main.c:1077:6:fnPrintMainView	40	static
main.c:1179:6:fnMenuProcess	24	static
main.c:1339:17:fnGetPressKey	8	static
main.c:1380:10:Button_Get_Tick	8	static
main.c:1387:9:Button_A_Read	8	static
main.c:1394:9:Button_B_Read	8	static
main.c:1401:9:Button_C_Read	8	static
main.c:1408:9:Button_D_Read	8	static
main.c:1419:6:Error_Handler	4	static,ignoring_inline_asm
