main.c:289:5:main	8	static
main.c:392:6:SystemClock_Config	72	static
main.c:431:13:MX_CAN_Init	8	static
main.c:468:13:MX_SPI1_Init	8	static
main.c:506:13:MX_USART1_UART_Init	8	static
main.c:539:13:MX_GPIO_Init	40	static
main.c:593:6:u8g_port_delay_ns	24	static,ignoring_inline_asm
main.c:602:6:u8g_port_delay_100ns	32	static,ignoring_inline_asm
main.c:610:6:u8g_port_delay_10us	24	static,ignoring_inline_asm
main.c:620:9:u8g2_gpio_and_delay_stm32	24	static
main.c:661:9:u8x8_byte_4wire_hw_spi	24	static
main.c:692:6:fnPrintMenuItemName	56	static
main.c:722:6:fnPrintSelectionFrame	32	static
main.c:748:6:printMenuSetpoints	16	static
main.c:771:6:fnPrintMenuSetpointsItemVal	32	static
main.c:834:6:fnPrintMenuParamItemVal	40	static
main.c:947:6:fnPrintMenuParamView	16	static
main.c:968:6:fnPrintMainView	40	static
main.c:1070:6:fnMenuProcess	16	static
main.c:1220:17:fnGetPressKey	8	static
main.c:1261:10:Button_Get_Tick	8	static
main.c:1268:9:Button_A_Read	8	static
main.c:1275:9:Button_B_Read	8	static
main.c:1282:9:Button_C_Read	8	static
main.c:1289:9:Button_D_Read	8	static
main.c:1300:6:Error_Handler	4	static,ignoring_inline_asm
