main.c:289:5:main	8	static
main.c:401:6:SystemClock_Config	72	static
main.c:440:13:MX_SPI1_Init	8	static
main.c:478:13:MX_USART1_UART_Init	8	static
main.c:511:13:MX_USART3_UART_Init	8	static
main.c:544:13:MX_GPIO_Init	40	static
main.c:598:6:u8g_port_delay_ns	24	static,ignoring_inline_asm
main.c:607:6:u8g_port_delay_100ns	32	static,ignoring_inline_asm
main.c:615:6:u8g_port_delay_10us	24	static,ignoring_inline_asm
main.c:625:9:u8g2_gpio_and_delay_stm32	24	static
main.c:666:9:u8x8_byte_4wire_hw_spi	24	static
main.c:697:6:fnPrintMenuItemName	56	static
main.c:727:6:fnPrintSelectionFrame	32	static
main.c:753:6:printMenuSetpoints	16	static
main.c:776:6:fnPrintMenuSetpointsItemVal	40	static
main.c:950:6:fnPrintMenuParamItemVal	48	static
main.c:1042:6:fnPrintMenuParamView	16	static
main.c:1063:6:fnPrintMainView	40	static
main.c:1165:6:fnMenuProcess	24	static
main.c:1325:17:fnGetPressKey	8	static
main.c:1366:10:Button_Get_Tick	8	static
main.c:1373:9:Button_A_Read	8	static
main.c:1380:9:Button_B_Read	8	static
main.c:1387:9:Button_C_Read	8	static
main.c:1394:9:Button_D_Read	8	static
main.c:1405:6:Error_Handler	4	static,ignoring_inline_asm
