main.c:355:5:main	24	static
main.c:513:6:SystemClock_Config	88	static
main.c:559:13:MX_ADC1_Init	24	static
main.c:620:13:MX_SPI1_Init	8	static
main.c:658:13:MX_TIM2_Init	32	static
main.c:703:13:MX_USART1_UART_Init	8	static
main.c:736:13:MX_USART3_UART_Init	8	static
main.c:767:13:MX_DMA_Init	16	static
main.c:785:13:MX_GPIO_Init	40	static
main.c:859:6:u8g_port_delay_ns	24	static,ignoring_inline_asm
main.c:868:6:u8g_port_delay_100ns	32	static,ignoring_inline_asm
main.c:876:6:u8g_port_delay_10us	24	static,ignoring_inline_asm
main.c:886:9:u8g2_gpio_and_delay_stm32	24	static
main.c:927:9:u8x8_byte_4wire_hw_spi	24	static
main.c:958:6:fnPrintMenuItemName	56	static
main.c:988:6:fnPrintSelectionFrame	32	static
main.c:1014:6:printMenuSetpoints	16	static
main.c:1037:6:fnPrintMenuSetpointsItemVal	40	static
main.c:1211:6:fnPrintMenuParamItemVal	48	static
main.c:1303:6:fnPrintMenuParamView	16	static
main.c:1324:6:fnPrintMainView	40	static
main.c:1428:6:fnMenuProcess	24	static
main.c:1588:17:fnGetPressKey	8	static
main.c:1629:10:Button_Get_Tick	8	static
main.c:1636:9:Button_A_Read	8	static
main.c:1641:9:Button_B_Read	8	static
main.c:1646:9:Button_C_Read	8	static
main.c:1651:9:Button_D_Read	8	static
main.c:1658:6:HAL_ADC_ConvCpltCallback	16	static
main.c:1669:10:fnEmaFilterBatVolt	16	static
main.c:1679:10:fnEmaFilterSensVolt	16	static
main.c:1689:10:fnEmaFilterResSens	16	static
main.c:1700:6:fnPumpControl	24	static
main.c:1767:9:map	24	static
main.c:1782:6:fnWaterLevelControl	24	static
main.c:1789:6:fnConverterControl	24	static
main.c:1863:6:fnFridgeControl	24	static
main.c:1937:6:fnMainPowerControl	16	static
main.c:1956:6:fnInputsUpdate	8	static
main.c:1980:9:fnDebounce	24	static
main.c:1999:6:fnOutputsUpdate	16	static
main.c:2015:6:Error_Handler	4	static,ignoring_inline_asm
